Last login: Sat Apr  1 02:57:00 2023 from ec2-13-233-177-3.ap-south-1.compute.amazonaws.com

       __|  __|_  )
       _|  (     /   Amazon Linux 2 AMI
      ___|\___|___|

https://aws.amazon.com/amazon-linux-2/
[ec2-user@ip-172-31-5-142 ~]$ sudo -i
[root@ip-172-31-5-142 ~]# yum update -y
Loaded plugins: extras_suggestions, langpacks, priorities, update-motd
No packages marked for update
[root@ip-172-31-5-142 ~]# docker --version
-bash: docker: command not found
[root@ip-172-31-5-142 ~]# yum install docker -y
Loaded plugins: extras_suggestions, langpacks, priorities, update-motd
Resolving Dependencies
--> Running transaction check
---> Package docker.x86_64 0:20.10.17-1.amzn2.0.2 will be installed
--> Processing Dependency: runc >= 1.0.0 for package: docker-20.10.17-1.amzn2.0.2.x86_64
--> Processing Dependency: libcgroup >= 0.40.rc1-5.15 for package: docker-20.10.17-1.amzn2.0.2.x86_64
--> Processing Dependency: containerd >= 1.3.2 for package: docker-20.10.17-1.amzn2.0.2.x86_64
--> Processing Dependency: pigz for package: docker-20.10.17-1.amzn2.0.2.x86_64
--> Running transaction check
---> Package containerd.x86_64 0:1.6.8-2.amzn2.0.1 will be installed
---> Package libcgroup.x86_64 0:0.41-21.amzn2 will be installed
---> Package pigz.x86_64 0:2.3.4-1.amzn2.0.1 will be installed
---> Package runc.x86_64 0:1.1.4-1.amzn2.0.1 will be installed
--> Finished Dependency Resolution

Dependencies Resolved

===================================================================================================================================================================================================================
 Package                                        Arch                                       Version                                                     Repository                                             Size
===================================================================================================================================================================================================================
Installing:
 docker                                         x86_64                                     20.10.17-1.amzn2.0.2                                        amzn2extra-docker                                      39 M
Installing for dependencies:
 containerd                                     x86_64                                     1.6.8-2.amzn2.0.1                                           amzn2extra-docker                                      27 M
 libcgroup                                      x86_64                                     0.41-21.amzn2                                               amzn2-core                                             66 k
 pigz                                           x86_64                                     2.3.4-1.amzn2.0.1                                           amzn2-core                                             81 k
 runc                                           x86_64                                     1.1.4-1.amzn2.0.1                                           amzn2extra-docker                                     2.9 M

Transaction Summary
===================================================================================================================================================================================================================
Install  1 Package (+4 Dependent packages)

Total download size: 69 M
Installed size: 260 M
Downloading packages:
(1/5): libcgroup-0.41-21.amzn2.x86_64.rpm                                                                                                                                                   |  66 kB  00:00:00     
(2/5): pigz-2.3.4-1.amzn2.0.1.x86_64.rpm                                                                                                                                                    |  81 kB  00:00:00     
(3/5): containerd-1.6.8-2.amzn2.0.1.x86_64.rpm                                                                                                                                              |  27 MB  00:00:00     
(4/5): docker-20.10.17-1.amzn2.0.2.x86_64.rpm                                                                                                                                               |  39 MB  00:00:00     
(5/5): runc-1.1.4-1.amzn2.0.1.x86_64.rpm                                                                                                                                                    | 2.9 MB  00:00:00     
-------------------------------------------------------------------------------------------------------------------------------------------------------------------------------------------------------------------
Total                                                                                                                                                                               73 MB/s |  69 MB  00:00:00     
Running transaction check
Running transaction test
Transaction test succeeded
Running transaction
  Installing : runc-1.1.4-1.amzn2.0.1.x86_64                                                                                                                                                                   1/5 
  Installing : containerd-1.6.8-2.amzn2.0.1.x86_64                                                                                                                                                             2/5 
  Installing : libcgroup-0.41-21.amzn2.x86_64                                                                                                                                                                  3/5 
  Installing : pigz-2.3.4-1.amzn2.0.1.x86_64                                                                                                                                                                   4/5 
  Installing : docker-20.10.17-1.amzn2.0.2.x86_64                                                                                                                                                              5/5 
  Verifying  : containerd-1.6.8-2.amzn2.0.1.x86_64                                                                                                                                                             1/5 
  Verifying  : pigz-2.3.4-1.amzn2.0.1.x86_64                                                                                                                                                                   2/5 
  Verifying  : libcgroup-0.41-21.amzn2.x86_64                                                                                                                                                                  3/5 
  Verifying  : docker-20.10.17-1.amzn2.0.2.x86_64                                                                                                                                                              4/5 
  Verifying  : runc-1.1.4-1.amzn2.0.1.x86_64                                                                                                                                                                   5/5 

Installed:
  docker.x86_64 0:20.10.17-1.amzn2.0.2                                                                                                                                                                             

Dependency Installed:
  containerd.x86_64 0:1.6.8-2.amzn2.0.1                   libcgroup.x86_64 0:0.41-21.amzn2                   pigz.x86_64 0:2.3.4-1.amzn2.0.1                   runc.x86_64 0:1.1.4-1.amzn2.0.1                  

Complete!
[root@ip-172-31-5-142 ~]# docker --version
Docker version 20.10.17, build 100c701
[root@ip-172-31-5-142 ~]# systemctl status docker
● docker.service - Docker Application Container Engine
   Loaded: loaded (/usr/lib/systemd/system/docker.service; disabled; vendor preset: disabled)
   Active: inactive (dead)
     Docs: https://docs.docker.com
[root@ip-172-31-5-142 ~]# systemctl start docker
[root@ip-172-31-5-142 ~]# systemctl status docker
● docker.service - Docker Application Container Engine
   Loaded: loaded (/usr/lib/systemd/system/docker.service; disabled; vendor preset: disabled)
   Active: active (running) since Sat 2023-04-01 02:59:34 UTC; 16s ago
     Docs: https://docs.docker.com
  Process: 4186 ExecStartPre=/usr/libexec/docker/docker-setup-runtimes.sh (code=exited, status=0/SUCCESS)
  Process: 4185 ExecStartPre=/bin/mkdir -p /run/docker (code=exited, status=0/SUCCESS)
 Main PID: 4189 (dockerd)
    Tasks: 7
   Memory: 20.6M
   CGroup: /system.slice/docker.service
           └─4189 /usr/bin/dockerd -H fd:// --containerd=/run/containerd/containerd.sock --default-ulimit nofile=32768:65536

Apr 01 02:59:34 ip-172-31-5-142.ap-south-1.compute.internal dockerd[4189]: time="2023-04-01T02:59:34.151942614Z" level=info msg="ClientConn switching balancer to \"pick_first\"" module=grpc
Apr 01 02:59:34 ip-172-31-5-142.ap-south-1.compute.internal dockerd[4189]: time="2023-04-01T02:59:34.211738162Z" level=warning msg="Your kernel does not support cgroup blkio weight"
Apr 01 02:59:34 ip-172-31-5-142.ap-south-1.compute.internal dockerd[4189]: time="2023-04-01T02:59:34.212170693Z" level=warning msg="Your kernel does not support cgroup blkio weight_device"
Apr 01 02:59:34 ip-172-31-5-142.ap-south-1.compute.internal dockerd[4189]: time="2023-04-01T02:59:34.212644226Z" level=info msg="Loading containers: start."
Apr 01 02:59:34 ip-172-31-5-142.ap-south-1.compute.internal dockerd[4189]: time="2023-04-01T02:59:34.449634440Z" level=info msg="Default bridge (docker0) is assigned with an IP address 172.17.0.0/1...IP address"
Apr 01 02:59:34 ip-172-31-5-142.ap-south-1.compute.internal dockerd[4189]: time="2023-04-01T02:59:34.519339714Z" level=info msg="Loading containers: done."
Apr 01 02:59:34 ip-172-31-5-142.ap-south-1.compute.internal dockerd[4189]: time="2023-04-01T02:59:34.536217692Z" level=info msg="Docker daemon" commit=a89b842 graphdriver(s)=overlay2 version=20.10.17
Apr 01 02:59:34 ip-172-31-5-142.ap-south-1.compute.internal dockerd[4189]: time="2023-04-01T02:59:34.536641338Z" level=info msg="Daemon has completed initialization"
Apr 01 02:59:34 ip-172-31-5-142.ap-south-1.compute.internal systemd[1]: Started Docker Application Container Engine.
Apr 01 02:59:34 ip-172-31-5-142.ap-south-1.compute.internal dockerd[4189]: time="2023-04-01T02:59:34.563078451Z" level=info msg="API listen on /run/docker.sock"
Hint: Some lines were ellipsized, use -l to show in full.
[root@ip-172-31-5-142 ~]# systemctl enable docker
Created symlink from /etc/systemd/system/multi-user.target.wants/docker.service to /usr/lib/systemd/system/docker.service.
[root@ip-172-31-5-142 ~]# docker images
REPOSITORY   TAG       IMAGE ID   CREATED   SIZE
[root@ip-172-31-5-142 ~]# docker ps
CONTAINER ID   IMAGE     COMMAND   CREATED   STATUS    PORTS     NAMES
[root@ip-172-31-5-142 ~]# docker ps -a
CONTAINER ID   IMAGE     COMMAND   CREATED   STATUS    PORTS     NAMES
[root@ip-172-31-5-142 ~]# 
[root@ip-172-31-5-142 ~]# docker pull hello-world
Using default tag: latest
latest: Pulling from library/hello-world
2db29710123e: Pull complete 
Digest: sha256:ffb13da98453e0f04d33a6eee5bb8e46ee50d08ebe17735fc0779d0349e889e9
Status: Downloaded newer image for hello-world:latest
docker.io/library/hello-world:latest
[root@ip-172-31-5-142 ~]# docker run hello-world

Hello from Docker!
This message shows that your installation appears to be working correctly.

To generate this message, Docker took the following steps:
 1. The Docker client contacted the Docker daemon.
 2. The Docker daemon pulled the "hello-world" image from the Docker Hub.
    (amd64)
 3. The Docker daemon created a new container from that image which runs the
    executable that produces the output you are currently reading.
 4. The Docker daemon streamed that output to the Docker client, which sent it
    to your terminal.

To try something more ambitious, you can run an Ubuntu container with:
 $ docker run -it ubuntu bash

Share images, automate workflows, and more with a free Docker ID:
 https://hub.docker.com/

For more examples and ideas, visit:
 https://docs.docker.com/get-started/

[root@ip-172-31-5-142 ~]# 
[root@ip-172-31-5-142 ~]# docker images
REPOSITORY    TAG       IMAGE ID       CREATED         SIZE
hello-world   latest    feb5d9fea6a5   18 months ago   13.3kB
[root@ip-172-31-5-142 ~]# docker ps
CONTAINER ID   IMAGE     COMMAND   CREATED   STATUS    PORTS     NAMES
[root@ip-172-31-5-142 ~]# docker ps -a
CONTAINER ID   IMAGE         COMMAND    CREATED          STATUS                      PORTS     NAMES
e971ff85a410   hello-world   "/hello"   40 seconds ago   Exited (0) 40 seconds ago             youthful_lamport
[root@ip-172-31-5-142 ~]# 
[root@ip-172-31-5-142 ~]# docker pull centos
Using default tag: latest
latest: Pulling from library/centos
a1d0c7532777: Pull complete 
Digest: sha256:a27fd8080b517143cbbbab9dfb7c8571c40d67d534bbdee55bd6c473f432b177
Status: Downloaded newer image for centos:latest
docker.io/library/centos:latest
[root@ip-172-31-5-142 ~]# docker images
REPOSITORY    TAG       IMAGE ID       CREATED         SIZE
hello-world   latest    feb5d9fea6a5   18 months ago   13.3kB
centos        latest    5d0da3dc9764   18 months ago   231MB
[root@ip-172-31-5-142 ~]# docker ps -a
CONTAINER ID   IMAGE         COMMAND    CREATED         STATUS                     PORTS     NAMES
e971ff85a410   hello-world   "/hello"   2 minutes ago   Exited (0) 2 minutes ago             youthful_lamport
[root@ip-172-31-5-142 ~]# docker run centos
[root@ip-172-31-5-142 ~]# docker ps -a
CONTAINER ID   IMAGE         COMMAND       CREATED          STATUS                      PORTS     NAMES
9cbad3d21f52   centos        "/bin/bash"   13 seconds ago   Exited (0) 11 seconds ago             modest_vaughan
e971ff85a410   hello-world   "/hello"      2 minutes ago    Exited (0) 2 minutes ago              youthful_lamport
[root@ip-172-31-5-142 ~]# docker run -d centos sleep 20
24f3e863830f48f87e4f3a4b721d18aceba1b5ee50d4ad79404ee71034b4fcc3
[root@ip-172-31-5-142 ~]# docker ps -a
CONTAINER ID   IMAGE         COMMAND       CREATED              STATUS                          PORTS     NAMES
24f3e863830f   centos        "sleep 20"    4 seconds ago        Up 3 seconds                              festive_fermi
9cbad3d21f52   centos        "/bin/bash"   About a minute ago   Exited (0) About a minute ago             modest_vaughan
e971ff85a410   hello-world   "/hello"      4 minutes ago        Exited (0) 4 minutes ago                  youthful_lamport
[root@ip-172-31-5-142 ~]# docker ps
CONTAINER ID   IMAGE     COMMAND      CREATED         STATUS         PORTS     NAMES
24f3e863830f   centos    "sleep 20"   8 seconds ago   Up 7 seconds             festive_fermi
[root@ip-172-31-5-142 ~]# docker ps
CONTAINER ID   IMAGE     COMMAND      CREATED          STATUS          PORTS     NAMES
24f3e863830f   centos    "sleep 20"   13 seconds ago   Up 12 seconds             festive_fermi
[root@ip-172-31-5-142 ~]# docker ps
CONTAINER ID   IMAGE     COMMAND      CREATED          STATUS          PORTS     NAMES
24f3e863830f   centos    "sleep 20"   14 seconds ago   Up 13 seconds             festive_fermi
[root@ip-172-31-5-142 ~]# docker ps
CONTAINER ID   IMAGE     COMMAND      CREATED          STATUS          PORTS     NAMES
24f3e863830f   centos    "sleep 20"   19 seconds ago   Up 18 seconds             festive_fermi
[root@ip-172-31-5-142 ~]# docker ps
CONTAINER ID   IMAGE     COMMAND   CREATED   STATUS    PORTS     NAMES
[root@ip-172-31-5-142 ~]# docker ps -a
CONTAINER ID   IMAGE         COMMAND       CREATED              STATUS                          PORTS     NAMES
24f3e863830f   centos        "sleep 20"    24 seconds ago       Exited (0) 3 seconds ago                  festive_fermi
9cbad3d21f52   centos        "/bin/bash"   About a minute ago   Exited (0) About a minute ago             modest_vaughan
e971ff85a410   hello-world   "/hello"      4 minutes ago        Exited (0) 4 minutes ago                  youthful_lamport
[root@ip-172-31-5-142 ~]# 

[root@ip-172-31-5-142 ~]# docker images
REPOSITORY    TAG       IMAGE ID       CREATED         SIZE
hello-world   latest    feb5d9fea6a5   18 months ago   13.3kB
centos        latest    5d0da3dc9764   18 months ago   231MB
[root@ip-172-31-5-142 ~]# docker rmi centos
Error response from daemon: conflict: unable to remove repository reference "centos" (must force) - container 9cbad3d21f52 is using its referenced image 5d0da3dc9764
[root@ip-172-31-5-142 ~]# docker rm 9cb
9cb
[root@ip-172-31-5-142 ~]# docker ps -a
CONTAINER ID   IMAGE         COMMAND      CREATED         STATUS                          PORTS     NAMES
24f3e863830f   centos        "sleep 20"   2 minutes ago   Exited (0) About a minute ago             festive_fermi
e971ff85a410   hello-world   "/hello"     6 minutes ago   Exited (0) 6 minutes ago                  youthful_lamport
[root@ip-172-31-5-142 ~]# docker rmi centos
Error response from daemon: conflict: unable to remove repository reference "centos" (must force) - container 24f3e863830f is using its referenced image 5d0da3dc9764
[root@ip-172-31-5-142 ~]# docker rm 24f
24f
[root@ip-172-31-5-142 ~]# docker rmi centos
Untagged: centos:latest
Untagged: centos@sha256:a27fd8080b517143cbbbab9dfb7c8571c40d67d534bbdee55bd6c473f432b177
Deleted: sha256:5d0da3dc976460b72c77d94c8a1ad043720b0416bfc16c52c45d4847e53fadb6
Deleted: sha256:74ddd0ec08fa43d09f32636ba91a0a3053b02cb4627c35051aff89f853606b59
[root@ip-172-31-5-142 ~]# docker ps -a
CONTAINER ID   IMAGE         COMMAND    CREATED         STATUS                     PORTS     NAMES
e971ff85a410   hello-world   "/hello"   6 minutes ago   Exited (0) 6 minutes ago             youthful_lamport
[root@ip-172-31-5-142 ~]# docker images
REPOSITORY    TAG       IMAGE ID       CREATED         SIZE
hello-world   latest    feb5d9fea6a5   18 months ago   13.3kB
[root@ip-172-31-5-142 ~]# 



[root@ip-172-31-5-142 ~]# docker run -it -p 8586:8080 tomcat:8.0
Using CATALINA_BASE:   /usr/local/tomcat
Using CATALINA_HOME:   /usr/local/tomcat
Using CATALINA_TMPDIR: /usr/local/tomcat/temp
Using JRE_HOME:        /docker-java-home/jre
Using CLASSPATH:       /usr/local/tomcat/bin/bootstrap.jar:/usr/local/tomcat/bin/tomcat-juli.jar
01-Apr-2023 04:45:55.744 INFO [main] org.apache.catalina.startup.VersionLoggerListener.log Server version:        Apache Tomcat/8.0.53
01-Apr-2023 04:45:55.747 INFO [main] org.apache.catalina.startup.VersionLoggerListener.log Server built:          Jun 29 2018 14:42:45 UTC
01-Apr-2023 04:45:55.748 INFO [main] org.apache.catalina.startup.VersionLoggerListener.log Server number:         8.0.53.0
01-Apr-2023 04:45:55.748 INFO [main] org.apache.catalina.startup.VersionLoggerListener.log OS Name:               Linux
01-Apr-2023 04:45:55.749 INFO [main] org.apache.catalina.startup.VersionLoggerListener.log OS Version:            5.10.173-154.642.amzn2.x86_64
01-Apr-2023 04:45:55.749 INFO [main] org.apache.catalina.startup.VersionLoggerListener.log Architecture:          amd64
01-Apr-2023 04:45:55.750 INFO [main] org.apache.catalina.startup.VersionLoggerListener.log Java Home:             /usr/lib/jvm/java-7-openjdk-amd64/jre
01-Apr-2023 04:45:55.750 INFO [main] org.apache.catalina.startup.VersionLoggerListener.log JVM Version:           1.7.0_181-b01
01-Apr-2023 04:45:55.751 INFO [main] org.apache.catalina.startup.VersionLoggerListener.log JVM Vendor:            Oracle Corporation
01-Apr-2023 04:45:55.751 INFO [main] org.apache.catalina.startup.VersionLoggerListener.log CATALINA_BASE:         /usr/local/tomcat
01-Apr-2023 04:45:55.752 INFO [main] org.apache.catalina.startup.VersionLoggerListener.log CATALINA_HOME:         /usr/local/tomcat
01-Apr-2023 04:45:55.753 INFO [main] org.apache.catalina.startup.VersionLoggerListener.log Command line argument: -Djava.util.logging.config.file=/usr/local/tomcat/conf/logging.properties
01-Apr-2023 04:45:55.753 INFO [main] org.apache.catalina.startup.VersionLoggerListener.log Command line argument: -Djava.util.logging.manager=org.apache.juli.ClassLoaderLogManager
01-Apr-2023 04:45:55.754 INFO [main] org.apache.catalina.startup.VersionLoggerListener.log Command line argument: -Djdk.tls.ephemeralDHKeySize=2048
01-Apr-2023 04:45:55.754 INFO [main] org.apache.catalina.startup.VersionLoggerListener.log Command line argument: -Djava.protocol.handler.pkgs=org.apache.catalina.webresources
01-Apr-2023 04:45:55.755 INFO [main] org.apache.catalina.startup.VersionLoggerListener.log Command line argument: -Dignore.endorsed.dirs=
01-Apr-2023 04:45:55.755 INFO [main] org.apache.catalina.startup.VersionLoggerListener.log Command line argument: -Dcatalina.base=/usr/local/tomcat
01-Apr-2023 04:45:55.755 INFO [main] org.apache.catalina.startup.VersionLoggerListener.log Command line argument: -Dcatalina.home=/usr/local/tomcat
01-Apr-2023 04:45:55.756 INFO [main] org.apache.catalina.startup.VersionLoggerListener.log Command line argument: -Djava.io.tmpdir=/usr/local/tomcat/temp
01-Apr-2023 04:45:55.756 INFO [main] org.apache.catalina.core.AprLifecycleListener.lifecycleEvent Loaded APR based Apache Tomcat Native library 1.2.17 using APR version 1.5.1.
01-Apr-2023 04:45:55.757 INFO [main] org.apache.catalina.core.AprLifecycleListener.lifecycleEvent APR capabilities: IPv6 [true], sendfile [true], accept filters [false], random [true].
01-Apr-2023 04:45:55.761 INFO [main] org.apache.catalina.core.AprLifecycleListener.initializeSSL OpenSSL successfully initialized (OpenSSL 1.1.0f  25 May 2017)
01-Apr-2023 04:45:55.888 INFO [main] org.apache.coyote.AbstractProtocol.init Initializing ProtocolHandler ["http-apr-8080"]
01-Apr-2023 04:45:55.915 INFO [main] org.apache.coyote.AbstractProtocol.init Initializing ProtocolHandler ["ajp-apr-8009"]
01-Apr-2023 04:45:55.918 INFO [main] org.apache.catalina.startup.Catalina.load Initialization processed in 1118 ms
01-Apr-2023 04:45:55.990 INFO [main] org.apache.catalina.core.StandardService.startInternal Starting service Catalina
01-Apr-2023 04:45:55.998 INFO [main] org.apache.catalina.core.StandardEngine.startInternal Starting Servlet Engine: Apache Tomcat/8.0.53
01-Apr-2023 04:45:56.028 INFO [localhost-startStop-1] org.apache.catalina.startup.HostConfig.deployDirectory Deploying web application directory /usr/local/tomcat/webapps/ROOT
01-Apr-2023 04:45:57.081 INFO [localhost-startStop-1] org.apache.catalina.startup.HostConfig.deployDirectory Deployment of web application directory /usr/local/tomcat/webapps/ROOT has finished in 1,053 ms
01-Apr-2023 04:45:57.086 INFO [localhost-startStop-1] org.apache.catalina.startup.HostConfig.deployDirectory Deploying web application directory /usr/local/tomcat/webapps/docs
01-Apr-2023 04:45:57.130 INFO [localhost-startStop-1] org.apache.catalina.startup.HostConfig.deployDirectory Deployment of web application directory /usr/local/tomcat/webapps/docs has finished in 44 ms
01-Apr-2023 04:45:57.131 INFO [localhost-startStop-1] org.apache.catalina.startup.HostConfig.deployDirectory Deploying web application directory /usr/local/tomcat/webapps/examples
01-Apr-2023 04:45:57.971 INFO [localhost-startStop-1] org.apache.catalina.startup.HostConfig.deployDirectory Deployment of web application directory /usr/local/tomcat/webapps/examples has finished in 834 ms
01-Apr-2023 04:45:57.972 INFO [localhost-startStop-1] org.apache.catalina.startup.HostConfig.deployDirectory Deploying web application directory /usr/local/tomcat/webapps/host-manager
01-Apr-2023 04:45:58.057 INFO [localhost-startStop-1] org.apache.catalina.startup.HostConfig.deployDirectory Deployment of web application directory /usr/local/tomcat/webapps/host-manager has finished in 85 ms
01-Apr-2023 04:45:58.065 INFO [localhost-startStop-1] org.apache.catalina.startup.HostConfig.deployDirectory Deploying web application directory /usr/local/tomcat/webapps/manager
01-Apr-2023 04:45:58.137 INFO [localhost-startStop-1] org.apache.catalina.startup.HostConfig.deployDirectory Deployment of web application directory /usr/local/tomcat/webapps/manager has finished in 72 ms
01-Apr-2023 04:45:58.141 INFO [main] org.apache.coyote.AbstractProtocol.start Starting ProtocolHandler ["http-apr-8080"]
01-Apr-2023 04:45:58.189 INFO [main] org.apache.coyote.AbstractProtocol.start Starting ProtocolHandler ["ajp-apr-8009"]
01-Apr-2023 04:45:58.224 INFO [main] org.apache.catalina.startup.Catalina.start Server startup in 2304 ms
^C01-Apr-2023 04:46:12.572 INFO [Thread-3] org.apache.coyote.AbstractProtocol.pause Pausing ProtocolHandler ["http-apr-8080"]
01-Apr-2023 04:46:12.577 INFO [Thread-3] org.apache.coyote.AbstractProtocol.pause Pausing ProtocolHandler ["ajp-apr-8009"]
01-Apr-2023 04:46:12.578 INFO [Thread-3] org.apache.catalina.core.StandardService.stopInternal Stopping service Catalina
01-Apr-2023 04:46:12.628 INFO [Thread-3] org.apache.coyote.AbstractProtocol.stop Stopping ProtocolHandler ["http-apr-8080"]
01-Apr-2023 04:46:12.681 INFO [Thread-3] org.apache.coyote.AbstractProtocol.stop Stopping ProtocolHandler ["ajp-apr-8009"]
01-Apr-2023 04:46:12.734 INFO [Thread-3] org.apache.coyote.AbstractProtocol.destroy Destroying ProtocolHandler ["http-apr-8080"]
01-Apr-2023 04:46:12.736 INFO [Thread-3] org.apache.coyote.AbstractProtocol.destroy Destroying ProtocolHandler ["ajp-apr-8009"]
[root@ip-172-31-5-142 ~]# docker images
REPOSITORY    TAG       IMAGE ID       CREATED         SIZE
tomcat        8.5       045963f5ad12   4 days ago      475MB
hello-world   latest    feb5d9fea6a5   18 months ago   13.3kB
tomcat        8.0       ef6a7c98d192   4 years ago     356MB
[root@ip-172-31-5-142 ~]# docker rmi 0459  ef6a
Error response from daemon: conflict: unable to delete 045963f5ad12 (must be forced) - image is being used by stopped container 742e218cb013
Error response from daemon: conflict: unable to delete ef6a7c98d192 (must be forced) - image is being used by stopped container c473af99b65e
[root@ip-172-31-5-142 ~]# docker rmi 0459  ef6a 0f
Error response from daemon: conflict: unable to delete 045963f5ad12 (must be forced) - image is being used by stopped container 742e218cb013
Error response from daemon: conflict: unable to delete ef6a7c98d192 (must be forced) - image is being used by stopped container 970ee1f08977
Error: No such image: 0f
[root@ip-172-31-5-142 ~]# docker rmi 0459  ef6a 0f-f
Error response from daemon: conflict: unable to delete 045963f5ad12 (must be forced) - image is being used by stopped container 742e218cb013
Error response from daemon: conflict: unable to delete ef6a7c98d192 (must be forced) - image is being used by stopped container 79c79733518c
Error: No such image: 0f-f
[root@ip-172-31-5-142 ~]# docker rmi 0459  ef6a -f
Untagged: tomcat:8.5
Untagged: tomcat@sha256:4e6bd9dd7cb23780821b503a197a892da588aeb56d1fe28989ed09c4a5b37c46
Deleted: sha256:045963f5ad129bcb8f559dc3d4e144a34a56f5902497de4c85a661ce06660693
Untagged: tomcat:8.0
Untagged: tomcat@sha256:8ecb10948deb32c34aeadf7bf95d12a93fbd3527911fa629c1a3e7823b89ce6f
Deleted: sha256:ef6a7c98d192507d6066dcf24e44bec66d07ec9cf7c55d8d3d1ea0a24660bdef
[root@ip-172-31-5-142 ~]# docker images
REPOSITORY    TAG       IMAGE ID       CREATED         SIZE
hello-world   latest    feb5d9fea6a5   18 months ago   13.3kB
[root@ip-172-31-5-142 ~]# docker ps -a
CONTAINER ID   IMAGE          COMMAND             CREATED          STATUS                            PORTS     NAMES
970ee1f08977   ef6a7c98d192   "catalina.sh run"   59 seconds ago   Exited (130) 41 seconds ago                 happy_gates
c473af99b65e   ef6a7c98d192   "catalina.sh run"   2 minutes ago    Exited (130) About a minute ago             wonderful_pasteur
742e218cb013   045963f5ad12   "catalina.sh run"   8 minutes ago    Exited (130) 8 minutes ago                  busy_beaver
79c79733518c   ef6a7c98d192   "catalina.sh run"   55 minutes ago   Exited (130) 9 minutes ago                  intelligent_wilbur
408a802392d3   ef6a7c98d192   "catalina.sh run"   2 hours ago      Exited (130) 56 minutes ago                 exciting_shamir
0484719b0038   608294908754   "catalina.sh run"   2 hours ago      Exited (130) 2 hours ago                    great_cray
e971ff85a410   hello-world    "/hello"            2 hours ago      Exited (0) 2 hours ago                      youthful_lamport
[root@ip-172-31-5-142 ~]# docker rm 970 c47 742 79c7 408a 048
970
c47
742
79c7
408a
048
[root@ip-172-31-5-142 ~]# docker ps -a
CONTAINER ID   IMAGE         COMMAND    CREATED       STATUS                   PORTS     NAMES
e971ff85a410   hello-world   "/hello"   2 hours ago   Exited (0) 2 hours ago             youthful_lamport
[root@ip-172-31-5-142 ~]# docker ps
CONTAINER ID   IMAGE     COMMAND   CREATED   STATUS    PORTS     NAMES
[root@ip-172-31-5-142 ~]# docker images
REPOSITORY    TAG       IMAGE ID       CREATED         SIZE
hello-world   latest    feb5d9fea6a5   18 months ago   13.3kB
[root@ip-172-31-5-142 ~]# docker run -it debian
Unable to find image 'debian:latest' locally
latest: Pulling from library/debian
3e440a704568: Pull complete 
Digest: sha256:7b991788987ad860810df60927e1adbaf8e156520177bd4db82409f81dd3b721
Status: Downloaded newer image for debian:latest
root@2f5f062e107a:/# ls
bin  boot  dev  etc  home  lib  lib64  media  mnt  opt  proc  root  run  sbin  srv  sys  tmp  usr  var
root@2f5f062e107a:/# apt update && apt-get install -y git
Get:1 http://deb.debian.org/debian bullseye InRelease [116 kB]
Get:2 http://deb.debian.org/debian-security bullseye-security InRelease [48.4 kB]
Get:3 http://deb.debian.org/debian bullseye-updates InRelease [44.1 kB]
Get:4 http://deb.debian.org/debian bullseye/main amd64 Packages [8183 kB]
Get:5 http://deb.debian.org/debian-security bullseye-security/main amd64 Packages [236 kB]
Get:6 http://deb.debian.org/debian bullseye-updates/main amd64 Packages [14.6 kB]
Fetched 8642 kB in 2s (5496 kB/s)                           
Reading package lists... Done
Building dependency tree... Done
Reading state information... Done
1 package can be upgraded. Run 'apt list --upgradable' to see it.
Reading package lists... Done
Building dependency tree... Done
Reading state information... Done
The following additional packages will be installed:
  ca-certificates git-man less libbrotli1 libbsd0 libcbor0 libcurl3-gnutls libedit2 liberror-perl libexpat1 libfido2-1 libgdbm-compat4 libgdbm6 libldap-2.4-2 libldap-common libmd0 libnghttp2-14 libperl5.32
  libpsl5 librtmp1 libsasl2-2 libsasl2-modules libsasl2-modules-db libssh2-1 libx11-6 libx11-data libxau6 libxcb1 libxdmcp6 libxext6 libxmuu1 netbase openssh-client openssl patch perl perl-modules-5.32
  publicsuffix xauth
Suggested packages:
  gettext-base git-daemon-run | git-daemon-sysvinit git-doc git-el git-email git-gui gitk gitweb git-cvs git-mediawiki git-svn gdbm-l10n sensible-utils libsasl2-modules-gssapi-mit
  | libsasl2-modules-gssapi-heimdal libsasl2-modules-ldap libsasl2-modules-otp libsasl2-modules-sql keychain libpam-ssh monkeysphere ssh-askpass ed diffutils-doc perl-doc libterm-readline-gnu-perl
  | libterm-readline-perl-perl make libtap-harness-archive-perl
The following NEW packages will be installed:
  ca-certificates git git-man less libbrotli1 libbsd0 libcbor0 libcurl3-gnutls libedit2 liberror-perl libexpat1 libfido2-1 libgdbm-compat4 libgdbm6 libldap-2.4-2 libldap-common libmd0 libnghttp2-14 libperl5.32
  libpsl5 librtmp1 libsasl2-2 libsasl2-modules libsasl2-modules-db libssh2-1 libx11-6 libx11-data libxau6 libxcb1 libxdmcp6 libxext6 libxmuu1 netbase openssh-client openssl patch perl perl-modules-5.32
  publicsuffix xauth
0 upgraded, 40 newly installed, 0 to remove and 1 not upgraded.
Need to get 20.4 MB of archives.
After this operation, 101 MB of additional disk space will be used.
Get:1 http://deb.debian.org/debian bullseye/main amd64 perl-modules-5.32 all 5.32.1-4+deb11u2 [2823 kB]
Get:2 http://deb.debian.org/debian bullseye/main amd64 libgdbm6 amd64 1.19-2 [64.9 kB]
Get:3 http://deb.debian.org/debian bullseye/main amd64 libgdbm-compat4 amd64 1.19-2 [44.7 kB]
Get:4 http://deb.debian.org/debian bullseye/main amd64 libperl5.32 amd64 5.32.1-4+deb11u2 [4106 kB]
Get:5 http://deb.debian.org/debian bullseye/main amd64 perl amd64 5.32.1-4+deb11u2 [293 kB]
Get:6 http://deb.debian.org/debian bullseye/main amd64 less amd64 551-2 [133 kB]
Get:7 http://deb.debian.org/debian bullseye/main amd64 netbase all 6.3 [19.9 kB]
Get:8 http://deb.debian.org/debian-security bullseye-security/main amd64 openssl amd64 1.1.1n-0+deb11u4 [853 kB]
Get:9 http://deb.debian.org/debian bullseye/main amd64 ca-certificates all 20210119 [158 kB]
Get:10 http://deb.debian.org/debian bullseye/main amd64 libmd0 amd64 1.0.3-3 [28.0 kB]
Get:11 http://deb.debian.org/debian bullseye/main amd64 libbsd0 amd64 0.11.3-1 [108 kB]
Get:12 http://deb.debian.org/debian bullseye/main amd64 libedit2 amd64 3.1-20191231-2+b1 [96.7 kB]
Get:13 http://deb.debian.org/debian bullseye/main amd64 libcbor0 amd64 0.5.0+dfsg-2 [24.0 kB]
Get:14 http://deb.debian.org/debian bullseye/main amd64 libfido2-1 amd64 1.6.0-2 [53.3 kB]
Get:15 http://deb.debian.org/debian bullseye/main amd64 openssh-client amd64 1:8.4p1-5+deb11u1 [929 kB]
Get:16 http://deb.debian.org/debian bullseye/main amd64 libbrotli1 amd64 1.0.9-2+b2 [279 kB]
Get:17 http://deb.debian.org/debian bullseye/main amd64 libsasl2-modules-db amd64 2.1.27+dfsg-2.1+deb11u1 [69.1 kB]
Get:18 http://deb.debian.org/debian bullseye/main amd64 libsasl2-2 amd64 2.1.27+dfsg-2.1+deb11u1 [106 kB]
Get:19 http://deb.debian.org/debian bullseye/main amd64 libldap-2.4-2 amd64 2.4.57+dfsg-3+deb11u1 [232 kB]
Get:20 http://deb.debian.org/debian bullseye/main amd64 libnghttp2-14 amd64 1.43.0-1 [77.1 kB]
Get:21 http://deb.debian.org/debian bullseye/main amd64 libpsl5 amd64 0.21.0-1.2 [57.3 kB]
Get:22 http://deb.debian.org/debian bullseye/main amd64 librtmp1 amd64 2.4+20151223.gitfa8646d.1-2+b2 [60.8 kB]
Get:23 http://deb.debian.org/debian bullseye/main amd64 libssh2-1 amd64 1.9.0-2 [156 kB]
Get:24 http://deb.debian.org/debian-security bullseye-security/main amd64 libcurl3-gnutls amd64 7.74.0-1.3+deb11u7 [343 kB]
Get:25 http://deb.debian.org/debian bullseye/main amd64 libexpat1 amd64 2.2.10-2+deb11u5 [98.2 kB]
Get:26 http://deb.debian.org/debian bullseye/main amd64 liberror-perl all 0.17029-1 [31.0 kB]
Get:27 http://deb.debian.org/debian-security bullseye-security/main amd64 git-man all 1:2.30.2-1+deb11u2 [1828 kB]
Get:28 http://deb.debian.org/debian-security bullseye-security/main amd64 git amd64 1:2.30.2-1+deb11u2 [5518 kB]
Get:29 http://deb.debian.org/debian bullseye/main amd64 libldap-common all 2.4.57+dfsg-3+deb11u1 [95.8 kB]
Get:30 http://deb.debian.org/debian bullseye/main amd64 libsasl2-modules amd64 2.1.27+dfsg-2.1+deb11u1 [104 kB]
Get:31 http://deb.debian.org/debian bullseye/main amd64 libxau6 amd64 1:1.0.9-1 [19.7 kB]
Get:32 http://deb.debian.org/debian bullseye/main amd64 libxdmcp6 amd64 1:1.1.2-3 [26.3 kB]
Get:33 http://deb.debian.org/debian bullseye/main amd64 libxcb1 amd64 1.14-3 [140 kB]
Get:34 http://deb.debian.org/debian bullseye/main amd64 libx11-data all 2:1.7.2-1 [311 kB]
Get:35 http://deb.debian.org/debian bullseye/main amd64 libx11-6 amd64 2:1.7.2-1 [772 kB]
Get:36 http://deb.debian.org/debian bullseye/main amd64 libxext6 amd64 2:1.3.3-1.1 [52.7 kB]
Get:37 http://deb.debian.org/debian bullseye/main amd64 libxmuu1 amd64 2:1.1.2-2+b3 [23.9 kB]
Get:38 http://deb.debian.org/debian bullseye/main amd64 patch amd64 2.7.6-7 [128 kB]
Get:39 http://deb.debian.org/debian bullseye/main amd64 publicsuffix all 20220811.1734-0+deb11u1 [127 kB]
Get:40 http://deb.debian.org/debian bullseye/main amd64 xauth amd64 1:1.1-1 [40.5 kB]
Fetched 20.4 MB in 0s (68.5 MB/s)
debconf: delaying package configuration, since apt-utils is not installed
Selecting previously unselected package perl-modules-5.32.
(Reading database ... 6661 files and directories currently installed.)
Preparing to unpack .../00-perl-modules-5.32_5.32.1-4+deb11u2_all.deb ...
Unpacking perl-modules-5.32 (5.32.1-4+deb11u2) ...
Selecting previously unselected package libgdbm6:amd64.
Preparing to unpack .../01-libgdbm6_1.19-2_amd64.deb ...
Unpacking libgdbm6:amd64 (1.19-2) ...
Selecting previously unselected package libgdbm-compat4:amd64.
Preparing to unpack .../02-libgdbm-compat4_1.19-2_amd64.deb ...
Unpacking libgdbm-compat4:amd64 (1.19-2) ...
Selecting previously unselected package libperl5.32:amd64.
Preparing to unpack .../03-libperl5.32_5.32.1-4+deb11u2_amd64.deb ...
Unpacking libperl5.32:amd64 (5.32.1-4+deb11u2) ...
Selecting previously unselected package perl.
Preparing to unpack .../04-perl_5.32.1-4+deb11u2_amd64.deb ...
Unpacking perl (5.32.1-4+deb11u2) ...
Selecting previously unselected package less.
Preparing to unpack .../05-less_551-2_amd64.deb ...
Unpacking less (551-2) ...
Selecting previously unselected package netbase.
Preparing to unpack .../06-netbase_6.3_all.deb ...
Unpacking netbase (6.3) ...
Selecting previously unselected package openssl.
Preparing to unpack .../07-openssl_1.1.1n-0+deb11u4_amd64.deb ...
Unpacking openssl (1.1.1n-0+deb11u4) ...
Selecting previously unselected package ca-certificates.
Preparing to unpack .../08-ca-certificates_20210119_all.deb ...
Unpacking ca-certificates (20210119) ...
Selecting previously unselected package libmd0:amd64.
Preparing to unpack .../09-libmd0_1.0.3-3_amd64.deb ...
Unpacking libmd0:amd64 (1.0.3-3) ...
Selecting previously unselected package libbsd0:amd64.
Preparing to unpack .../10-libbsd0_0.11.3-1_amd64.deb ...
Unpacking libbsd0:amd64 (0.11.3-1) ...
Selecting previously unselected package libedit2:amd64.
Preparing to unpack .../11-libedit2_3.1-20191231-2+b1_amd64.deb ...
Unpacking libedit2:amd64 (3.1-20191231-2+b1) ...
Selecting previously unselected package libcbor0:amd64.
Preparing to unpack .../12-libcbor0_0.5.0+dfsg-2_amd64.deb ...
Unpacking libcbor0:amd64 (0.5.0+dfsg-2) ...
Selecting previously unselected package libfido2-1:amd64.
Preparing to unpack .../13-libfido2-1_1.6.0-2_amd64.deb ...
Unpacking libfido2-1:amd64 (1.6.0-2) ...
Selecting previously unselected package openssh-client.
Preparing to unpack .../14-openssh-client_1%3a8.4p1-5+deb11u1_amd64.deb ...
Unpacking openssh-client (1:8.4p1-5+deb11u1) ...
Selecting previously unselected package libbrotli1:amd64.
Preparing to unpack .../15-libbrotli1_1.0.9-2+b2_amd64.deb ...
Unpacking libbrotli1:amd64 (1.0.9-2+b2) ...
Selecting previously unselected package libsasl2-modules-db:amd64.
Preparing to unpack .../16-libsasl2-modules-db_2.1.27+dfsg-2.1+deb11u1_amd64.deb ...
Unpacking libsasl2-modules-db:amd64 (2.1.27+dfsg-2.1+deb11u1) ...
Selecting previously unselected package libsasl2-2:amd64.
Preparing to unpack .../17-libsasl2-2_2.1.27+dfsg-2.1+deb11u1_amd64.deb ...
Unpacking libsasl2-2:amd64 (2.1.27+dfsg-2.1+deb11u1) ...
Selecting previously unselected package libldap-2.4-2:amd64.
Preparing to unpack .../18-libldap-2.4-2_2.4.57+dfsg-3+deb11u1_amd64.deb ...
Unpacking libldap-2.4-2:amd64 (2.4.57+dfsg-3+deb11u1) ...
Selecting previously unselected package libnghttp2-14:amd64.
Preparing to unpack .../19-libnghttp2-14_1.43.0-1_amd64.deb ...
Unpacking libnghttp2-14:amd64 (1.43.0-1) ...
Selecting previously unselected package libpsl5:amd64.
Preparing to unpack .../20-libpsl5_0.21.0-1.2_amd64.deb ...
Unpacking libpsl5:amd64 (0.21.0-1.2) ...
Selecting previously unselected package librtmp1:amd64.
Preparing to unpack .../21-librtmp1_2.4+20151223.gitfa8646d.1-2+b2_amd64.deb ...
Unpacking librtmp1:amd64 (2.4+20151223.gitfa8646d.1-2+b2) ...
Selecting previously unselected package libssh2-1:amd64.
Preparing to unpack .../22-libssh2-1_1.9.0-2_amd64.deb ...
Unpacking libssh2-1:amd64 (1.9.0-2) ...
Selecting previously unselected package libcurl3-gnutls:amd64.
Preparing to unpack .../23-libcurl3-gnutls_7.74.0-1.3+deb11u7_amd64.deb ...
Unpacking libcurl3-gnutls:amd64 (7.74.0-1.3+deb11u7) ...
Selecting previously unselected package libexpat1:amd64.
Preparing to unpack .../24-libexpat1_2.2.10-2+deb11u5_amd64.deb ...
Unpacking libexpat1:amd64 (2.2.10-2+deb11u5) ...
Selecting previously unselected package liberror-perl.
Preparing to unpack .../25-liberror-perl_0.17029-1_all.deb ...
Unpacking liberror-perl (0.17029-1) ...
Selecting previously unselected package git-man.
Preparing to unpack .../26-git-man_1%3a2.30.2-1+deb11u2_all.deb ...
Unpacking git-man (1:2.30.2-1+deb11u2) ...
Selecting previously unselected package git.
Preparing to unpack .../27-git_1%3a2.30.2-1+deb11u2_amd64.deb ...
Unpacking git (1:2.30.2-1+deb11u2) ...
Selecting previously unselected package libldap-common.
Preparing to unpack .../28-libldap-common_2.4.57+dfsg-3+deb11u1_all.deb ...
Unpacking libldap-common (2.4.57+dfsg-3+deb11u1) ...
Selecting previously unselected package libsasl2-modules:amd64.
Preparing to unpack .../29-libsasl2-modules_2.1.27+dfsg-2.1+deb11u1_amd64.deb ...
Unpacking libsasl2-modules:amd64 (2.1.27+dfsg-2.1+deb11u1) ...
Selecting previously unselected package libxau6:amd64.
Preparing to unpack .../30-libxau6_1%3a1.0.9-1_amd64.deb ...
Unpacking libxau6:amd64 (1:1.0.9-1) ...
Selecting previously unselected package libxdmcp6:amd64.
Preparing to unpack .../31-libxdmcp6_1%3a1.1.2-3_amd64.deb ...
Unpacking libxdmcp6:amd64 (1:1.1.2-3) ...
Selecting previously unselected package libxcb1:amd64.
Preparing to unpack .../32-libxcb1_1.14-3_amd64.deb ...
Unpacking libxcb1:amd64 (1.14-3) ...
Selecting previously unselected package libx11-data.
Preparing to unpack .../33-libx11-data_2%3a1.7.2-1_all.deb ...
Unpacking libx11-data (2:1.7.2-1) ...
Selecting previously unselected package libx11-6:amd64.
Preparing to unpack .../34-libx11-6_2%3a1.7.2-1_amd64.deb ...
Unpacking libx11-6:amd64 (2:1.7.2-1) ...
Selecting previously unselected package libxext6:amd64.
Preparing to unpack .../35-libxext6_2%3a1.3.3-1.1_amd64.deb ...
Unpacking libxext6:amd64 (2:1.3.3-1.1) ...
Selecting previously unselected package libxmuu1:amd64.
Preparing to unpack .../36-libxmuu1_2%3a1.1.2-2+b3_amd64.deb ...
Unpacking libxmuu1:amd64 (2:1.1.2-2+b3) ...
Selecting previously unselected package patch.
Preparing to unpack .../37-patch_2.7.6-7_amd64.deb ...
Unpacking patch (2.7.6-7) ...
Selecting previously unselected package publicsuffix.
Preparing to unpack .../38-publicsuffix_20220811.1734-0+deb11u1_all.deb ...
Unpacking publicsuffix (20220811.1734-0+deb11u1) ...
Selecting previously unselected package xauth.
Preparing to unpack .../39-xauth_1%3a1.1-1_amd64.deb ...
Unpacking xauth (1:1.1-1) ...
Setting up libexpat1:amd64 (2.2.10-2+deb11u5) ...
Setting up libxau6:amd64 (1:1.0.9-1) ...
Setting up libpsl5:amd64 (0.21.0-1.2) ...
Setting up perl-modules-5.32 (5.32.1-4+deb11u2) ...
Setting up libbrotli1:amd64 (1.0.9-2+b2) ...
Setting up libcbor0:amd64 (0.5.0+dfsg-2) ...
Setting up libsasl2-modules:amd64 (2.1.27+dfsg-2.1+deb11u1) ...
Setting up libnghttp2-14:amd64 (1.43.0-1) ...
Setting up less (551-2) ...
Setting up libldap-common (2.4.57+dfsg-3+deb11u1) ...
Setting up libsasl2-modules-db:amd64 (2.1.27+dfsg-2.1+deb11u1) ...
Setting up libx11-data (2:1.7.2-1) ...
Setting up librtmp1:amd64 (2.4+20151223.gitfa8646d.1-2+b2) ...
Setting up patch (2.7.6-7) ...
Setting up libsasl2-2:amd64 (2.1.27+dfsg-2.1+deb11u1) ...
Setting up libmd0:amd64 (1.0.3-3) ...
Setting up git-man (1:2.30.2-1+deb11u2) ...
Setting up libssh2-1:amd64 (1.9.0-2) ...
Setting up netbase (6.3) ...
Setting up libfido2-1:amd64 (1.6.0-2) ...
Setting up openssl (1.1.1n-0+deb11u4) ...
Setting up libbsd0:amd64 (0.11.3-1) ...
Setting up publicsuffix (20220811.1734-0+deb11u1) ...
Setting up libgdbm6:amd64 (1.19-2) ...
Setting up libxdmcp6:amd64 (1:1.1.2-3) ...
Setting up libxcb1:amd64 (1.14-3) ...
Setting up libedit2:amd64 (3.1-20191231-2+b1) ...
Setting up libldap-2.4-2:amd64 (2.4.57+dfsg-3+deb11u1) ...
Setting up libcurl3-gnutls:amd64 (7.74.0-1.3+deb11u7) ...
Setting up ca-certificates (20210119) ...
debconf: unable to initialize frontend: Dialog
debconf: (No usable dialog-like program is installed, so the dialog based frontend cannot be used. at /usr/share/perl5/Debconf/FrontEnd/Dialog.pm line 78.)
debconf: falling back to frontend: Readline
Updating certificates in /etc/ssl/certs...
129 added, 0 removed; done.
Setting up libgdbm-compat4:amd64 (1.19-2) ...
Setting up libperl5.32:amd64 (5.32.1-4+deb11u2) ...
Setting up libx11-6:amd64 (2:1.7.2-1) ...
Setting up libxmuu1:amd64 (2:1.1.2-2+b3) ...
Setting up openssh-client (1:8.4p1-5+deb11u1) ...
Setting up libxext6:amd64 (2:1.3.3-1.1) ...
Setting up perl (5.32.1-4+deb11u2) ...
Setting up xauth (1:1.1-1) ...
Setting up liberror-perl (0.17029-1) ...
Setting up git (1:2.30.2-1+deb11u2) ...
Processing triggers for libc-bin (2.31-13+deb11u5) ...
Processing triggers for ca-certificates (20210119) ...
Updating certificates in /etc/ssl/certs...
0 added, 0 removed; done.
Running hooks in /etc/ca-certificates/update.d...
done.
root@2f5f062e107a:/# 

root@2f5f062e107a:/# git --version
git version 2.30.2
root@2f5f062e107a:/# exit
exit
[root@ip-172-31-5-142 ~]# ls -a
.  ..  .bash_history  .bash_logout  .bash_profile  .bashrc  .cshrc  .ssh  .tcshrc
[root@ip-172-31-5-142 ~]# 
[root@ip-172-31-5-142 ~]# git
-bash: git: command not found
[root@ip-172-31-5-142 ~]# docker ps -a
CONTAINER ID   IMAGE         COMMAND    CREATED          STATUS                      PORTS     NAMES
2f5f062e107a   debian        "bash"     12 minutes ago   Exited (0) 10 minutes ago             youthful_edison
e971ff85a410   hello-world   "/hello"   2 hours ago      Exited (0) 2 hours ago                youthful_lamport
[root@ip-172-31-5-142 ~]# docker commit 2f5f062e107a sethu/edu-git:v1.0
sha256:2fa0868091a5d554190892c1b6c315d86d18e78db347b1f8bc9f3e21b0c0ad14
[root@ip-172-31-5-142 ~]# docker images
REPOSITORY      TAG       IMAGE ID       CREATED         SIZE
sethu/edu-git   v1.0      2fa0868091a5   6 seconds ago   243MB
debian          latest    f5b06fd90040   9 days ago      124MB
hello-world     latest    feb5d9fea6a5   18 months ago   13.3kB
[root@ip-172-31-5-142 ~]# cd sethu/edu-git
-bash: cd: sethu/edu-git: No such file or directory
[root@ip-172-31-5-142 ~]# docker run -it sethu/edu-git:v1.0
root@7a056301a375:/# docker ps -a                        
bash: docker: command not found
root@7a056301a375:/# exit           
exit
[root@ip-172-31-5-142 ~]#

[root@ip-172-31-5-142 ~]# mkdir docker-contents
[root@ip-172-31-5-142 ~]# cd docker-contents/
[root@ip-172-31-5-142 docker-contents]# ls
[root@ip-172-31-5-142 docker-contents]# vi dockerfile
[root@ip-172-31-5-142 docker-contents]# ls
dockerfile
[root@ip-172-31-5-142 docker-contents]# cat dockerfile
FROM debian
RUN apt-get update
RUN apt-get install -y git
RUN apt-get install -y vim
[root@ip-172-31-5-142 docker-contents]# docker build -t sethu/edu-git-vim
"docker build" requires exactly 1 argument.
See 'docker build --help'.

Usage:  docker build [OPTIONS] PATH | URL | -

Build an image from a Dockerfile
[root@ip-172-31-5-142 docker-contents]# sudo usermod -aG docker devopsadmin
usermod: user 'devopsadmin' does not exist
[root@ip-172-31-5-142 docker-contents]# docker images
REPOSITORY      TAG       IMAGE ID       CREATED         SIZE
sethu/edu-git   v1.0      2fa0868091a5   6 minutes ago   243MB
debian          latest    f5b06fd90040   9 days ago      124MB
hello-world     latest    feb5d9fea6a5   18 months ago   13.3kB
[root@ip-172-31-5-142 docker-contents]# cd~
-bash: cd~: command not found
[root@ip-172-31-5-142 docker-contents]#



[root@ip-172-31-5-142 docker-contents]# pwd
/root/docker-contents
[root@ip-172-31-5-142 docker-contents]# ls 
Dockerfile
[root@ip-172-31-5-142 docker-contents]# vi Dockerfile
[root@ip-172-31-5-142 docker-contents]# cat Dockerfile 
FROM debian
RUN apt-get update
RUN apt-get install -y git
RUN apt-get install -y vim
[root@ip-172-31-5-142 docker-contents]# docker build -t sethu/edu-pro1 .
Sending build context to Docker daemon  2.048kB
Step 1/4 : FROM debian
 ---> f5b06fd90040
Step 2/4 : RUN apt-get update
 ---> Running in 4f5e1eaf8d70
Get:1 http://deb.debian.org/debian bullseye InRelease [116 kB]
Get:2 http://deb.debian.org/debian-security bullseye-security InRelease [48.4 kB]
Get:3 http://deb.debian.org/debian bullseye-updates InRelease [44.1 kB]
Get:4 http://deb.debian.org/debian bullseye/main amd64 Packages [8183 kB]
Get:5 http://deb.debian.org/debian-security bullseye-security/main amd64 Packages [236 kB]
Get:6 http://deb.debian.org/debian bullseye-updates/main amd64 Packages [14.6 kB]
Fetched 8642 kB in 2s (5436 kB/s)
Reading package lists...
Removing intermediate container 4f5e1eaf8d70
 ---> 35e18a8b9430
Step 3/4 : RUN apt-get install -y git
 ---> Running in 33ea4a791c49
Reading package lists...
Building dependency tree...
Reading state information...
The following additional packages will be installed:
  ca-certificates git-man less libbrotli1 libbsd0 libcbor0 libcurl3-gnutls
  libedit2 liberror-perl libexpat1 libfido2-1 libgdbm-compat4 libgdbm6
  libldap-2.4-2 libldap-common libmd0 libnghttp2-14 libperl5.32 libpsl5
  librtmp1 libsasl2-2 libsasl2-modules libsasl2-modules-db libssh2-1 libx11-6
  libx11-data libxau6 libxcb1 libxdmcp6 libxext6 libxmuu1 netbase
  openssh-client openssl patch perl perl-modules-5.32 publicsuffix xauth
Suggested packages:
  gettext-base git-daemon-run | git-daemon-sysvinit git-doc git-el git-email
  git-gui gitk gitweb git-cvs git-mediawiki git-svn gdbm-l10n sensible-utils
  libsasl2-modules-gssapi-mit | libsasl2-modules-gssapi-heimdal
  libsasl2-modules-ldap libsasl2-modules-otp libsasl2-modules-sql keychain
  libpam-ssh monkeysphere ssh-askpass ed diffutils-doc perl-doc
  libterm-readline-gnu-perl | libterm-readline-perl-perl make
  libtap-harness-archive-perl
The following NEW packages will be installed:
  ca-certificates git git-man less libbrotli1 libbsd0 libcbor0 libcurl3-gnutls
  libedit2 liberror-perl libexpat1 libfido2-1 libgdbm-compat4 libgdbm6
  libldap-2.4-2 libldap-common libmd0 libnghttp2-14 libperl5.32 libpsl5
  librtmp1 libsasl2-2 libsasl2-modules libsasl2-modules-db libssh2-1 libx11-6
  libx11-data libxau6 libxcb1 libxdmcp6 libxext6 libxmuu1 netbase
  openssh-client openssl patch perl perl-modules-5.32 publicsuffix xauth
0 upgraded, 40 newly installed, 0 to remove and 1 not upgraded.
Need to get 20.4 MB of archives.
After this operation, 101 MB of additional disk space will be used.
Get:1 http://deb.debian.org/debian bullseye/main amd64 perl-modules-5.32 all 5.32.1-4+deb11u2 [2823 kB]
Get:2 http://deb.debian.org/debian bullseye/main amd64 libgdbm6 amd64 1.19-2 [64.9 kB]
Get:3 http://deb.debian.org/debian bullseye/main amd64 libgdbm-compat4 amd64 1.19-2 [44.7 kB]
Get:4 http://deb.debian.org/debian bullseye/main amd64 libperl5.32 amd64 5.32.1-4+deb11u2 [4106 kB]
Get:5 http://deb.debian.org/debian bullseye/main amd64 perl amd64 5.32.1-4+deb11u2 [293 kB]
Get:6 http://deb.debian.org/debian bullseye/main amd64 less amd64 551-2 [133 kB]
Get:7 http://deb.debian.org/debian bullseye/main amd64 netbase all 6.3 [19.9 kB]
Get:8 http://deb.debian.org/debian-security bullseye-security/main amd64 openssl amd64 1.1.1n-0+deb11u4 [853 kB]
Get:9 http://deb.debian.org/debian bullseye/main amd64 ca-certificates all 20210119 [158 kB]
Get:10 http://deb.debian.org/debian bullseye/main amd64 libmd0 amd64 1.0.3-3 [28.0 kB]
Get:11 http://deb.debian.org/debian bullseye/main amd64 libbsd0 amd64 0.11.3-1 [108 kB]
Get:12 http://deb.debian.org/debian bullseye/main amd64 libedit2 amd64 3.1-20191231-2+b1 [96.7 kB]
Get:13 http://deb.debian.org/debian bullseye/main amd64 libcbor0 amd64 0.5.0+dfsg-2 [24.0 kB]
Get:14 http://deb.debian.org/debian bullseye/main amd64 libfido2-1 amd64 1.6.0-2 [53.3 kB]
Get:15 http://deb.debian.org/debian bullseye/main amd64 openssh-client amd64 1:8.4p1-5+deb11u1 [929 kB]
Get:16 http://deb.debian.org/debian bullseye/main amd64 libbrotli1 amd64 1.0.9-2+b2 [279 kB]
Get:17 http://deb.debian.org/debian bullseye/main amd64 libsasl2-modules-db amd64 2.1.27+dfsg-2.1+deb11u1 [69.1 kB]
Get:18 http://deb.debian.org/debian bullseye/main amd64 libsasl2-2 amd64 2.1.27+dfsg-2.1+deb11u1 [106 kB]
Get:19 http://deb.debian.org/debian bullseye/main amd64 libldap-2.4-2 amd64 2.4.57+dfsg-3+deb11u1 [232 kB]
Get:20 http://deb.debian.org/debian bullseye/main amd64 libnghttp2-14 amd64 1.43.0-1 [77.1 kB]
Get:21 http://deb.debian.org/debian bullseye/main amd64 libpsl5 amd64 0.21.0-1.2 [57.3 kB]
Get:22 http://deb.debian.org/debian bullseye/main amd64 librtmp1 amd64 2.4+20151223.gitfa8646d.1-2+b2 [60.8 kB]
Get:23 http://deb.debian.org/debian bullseye/main amd64 libssh2-1 amd64 1.9.0-2 [156 kB]
Get:24 http://deb.debian.org/debian-security bullseye-security/main amd64 libcurl3-gnutls amd64 7.74.0-1.3+deb11u7 [343 kB]
Get:25 http://deb.debian.org/debian bullseye/main amd64 libexpat1 amd64 2.2.10-2+deb11u5 [98.2 kB]
Get:26 http://deb.debian.org/debian bullseye/main amd64 liberror-perl all 0.17029-1 [31.0 kB]
Get:27 http://deb.debian.org/debian-security bullseye-security/main amd64 git-man all 1:2.30.2-1+deb11u2 [1828 kB]
Get:28 http://deb.debian.org/debian-security bullseye-security/main amd64 git amd64 1:2.30.2-1+deb11u2 [5518 kB]
Get:29 http://deb.debian.org/debian bullseye/main amd64 libldap-common all 2.4.57+dfsg-3+deb11u1 [95.8 kB]
Get:30 http://deb.debian.org/debian bullseye/main amd64 libsasl2-modules amd64 2.1.27+dfsg-2.1+deb11u1 [104 kB]
Get:31 http://deb.debian.org/debian bullseye/main amd64 libxau6 amd64 1:1.0.9-1 [19.7 kB]
Get:32 http://deb.debian.org/debian bullseye/main amd64 libxdmcp6 amd64 1:1.1.2-3 [26.3 kB]
Get:33 http://deb.debian.org/debian bullseye/main amd64 libxcb1 amd64 1.14-3 [140 kB]
Get:34 http://deb.debian.org/debian bullseye/main amd64 libx11-data all 2:1.7.2-1 [311 kB]
Get:35 http://deb.debian.org/debian bullseye/main amd64 libx11-6 amd64 2:1.7.2-1 [772 kB]
Get:36 http://deb.debian.org/debian bullseye/main amd64 libxext6 amd64 2:1.3.3-1.1 [52.7 kB]
Get:37 http://deb.debian.org/debian bullseye/main amd64 libxmuu1 amd64 2:1.1.2-2+b3 [23.9 kB]
Get:38 http://deb.debian.org/debian bullseye/main amd64 patch amd64 2.7.6-7 [128 kB]
Get:39 http://deb.debian.org/debian bullseye/main amd64 publicsuffix all 20220811.1734-0+deb11u1 [127 kB]
Get:40 http://deb.debian.org/debian bullseye/main amd64 xauth amd64 1:1.1-1 [40.5 kB]
debconf: delaying package configuration, since apt-utils is not installed
Fetched 20.4 MB in 0s (78.2 MB/s)
Selecting previously unselected package perl-modules-5.32.
(Reading database ... 6661 files and directories currently installed.)
Preparing to unpack .../00-perl-modules-5.32_5.32.1-4+deb11u2_all.deb ...
Unpacking perl-modules-5.32 (5.32.1-4+deb11u2) ...
Selecting previously unselected package libgdbm6:amd64.
Preparing to unpack .../01-libgdbm6_1.19-2_amd64.deb ...
Unpacking libgdbm6:amd64 (1.19-2) ...
Selecting previously unselected package libgdbm-compat4:amd64.
Preparing to unpack .../02-libgdbm-compat4_1.19-2_amd64.deb ...
Unpacking libgdbm-compat4:amd64 (1.19-2) ...
Selecting previously unselected package libperl5.32:amd64.
Preparing to unpack .../03-libperl5.32_5.32.1-4+deb11u2_amd64.deb ...
Unpacking libperl5.32:amd64 (5.32.1-4+deb11u2) ...
Selecting previously unselected package perl.
Preparing to unpack .../04-perl_5.32.1-4+deb11u2_amd64.deb ...
Unpacking perl (5.32.1-4+deb11u2) ...
Selecting previously unselected package less.
Preparing to unpack .../05-less_551-2_amd64.deb ...
Unpacking less (551-2) ...
Selecting previously unselected package netbase.
Preparing to unpack .../06-netbase_6.3_all.deb ...
Unpacking netbase (6.3) ...
Selecting previously unselected package openssl.
Preparing to unpack .../07-openssl_1.1.1n-0+deb11u4_amd64.deb ...
Unpacking openssl (1.1.1n-0+deb11u4) ...
Selecting previously unselected package ca-certificates.
Preparing to unpack .../08-ca-certificates_20210119_all.deb ...
Unpacking ca-certificates (20210119) ...
Selecting previously unselected package libmd0:amd64.
Preparing to unpack .../09-libmd0_1.0.3-3_amd64.deb ...
Unpacking libmd0:amd64 (1.0.3-3) ...
Selecting previously unselected package libbsd0:amd64.
Preparing to unpack .../10-libbsd0_0.11.3-1_amd64.deb ...
Unpacking libbsd0:amd64 (0.11.3-1) ...
Selecting previously unselected package libedit2:amd64.
Preparing to unpack .../11-libedit2_3.1-20191231-2+b1_amd64.deb ...
Unpacking libedit2:amd64 (3.1-20191231-2+b1) ...
Selecting previously unselected package libcbor0:amd64.
Preparing to unpack .../12-libcbor0_0.5.0+dfsg-2_amd64.deb ...
Unpacking libcbor0:amd64 (0.5.0+dfsg-2) ...
Selecting previously unselected package libfido2-1:amd64.
Preparing to unpack .../13-libfido2-1_1.6.0-2_amd64.deb ...
Unpacking libfido2-1:amd64 (1.6.0-2) ...
Selecting previously unselected package openssh-client.
Preparing to unpack .../14-openssh-client_1%3a8.4p1-5+deb11u1_amd64.deb ...
Unpacking openssh-client (1:8.4p1-5+deb11u1) ...
Selecting previously unselected package libbrotli1:amd64.
Preparing to unpack .../15-libbrotli1_1.0.9-2+b2_amd64.deb ...
Unpacking libbrotli1:amd64 (1.0.9-2+b2) ...
Selecting previously unselected package libsasl2-modules-db:amd64.
Preparing to unpack .../16-libsasl2-modules-db_2.1.27+dfsg-2.1+deb11u1_amd64.deb ...
Unpacking libsasl2-modules-db:amd64 (2.1.27+dfsg-2.1+deb11u1) ...
Selecting previously unselected package libsasl2-2:amd64.
Preparing to unpack .../17-libsasl2-2_2.1.27+dfsg-2.1+deb11u1_amd64.deb ...
Unpacking libsasl2-2:amd64 (2.1.27+dfsg-2.1+deb11u1) ...
Selecting previously unselected package libldap-2.4-2:amd64.
Preparing to unpack .../18-libldap-2.4-2_2.4.57+dfsg-3+deb11u1_amd64.deb ...
Unpacking libldap-2.4-2:amd64 (2.4.57+dfsg-3+deb11u1) ...
Selecting previously unselected package libnghttp2-14:amd64.
Preparing to unpack .../19-libnghttp2-14_1.43.0-1_amd64.deb ...
Unpacking libnghttp2-14:amd64 (1.43.0-1) ...
Selecting previously unselected package libpsl5:amd64.
Preparing to unpack .../20-libpsl5_0.21.0-1.2_amd64.deb ...
Unpacking libpsl5:amd64 (0.21.0-1.2) ...
Selecting previously unselected package librtmp1:amd64.
Preparing to unpack .../21-librtmp1_2.4+20151223.gitfa8646d.1-2+b2_amd64.deb ...
Unpacking librtmp1:amd64 (2.4+20151223.gitfa8646d.1-2+b2) ...
Selecting previously unselected package libssh2-1:amd64.
Preparing to unpack .../22-libssh2-1_1.9.0-2_amd64.deb ...
Unpacking libssh2-1:amd64 (1.9.0-2) ...
Selecting previously unselected package libcurl3-gnutls:amd64.
Preparing to unpack .../23-libcurl3-gnutls_7.74.0-1.3+deb11u7_amd64.deb ...
Unpacking libcurl3-gnutls:amd64 (7.74.0-1.3+deb11u7) ...
Selecting previously unselected package libexpat1:amd64.
Preparing to unpack .../24-libexpat1_2.2.10-2+deb11u5_amd64.deb ...
Unpacking libexpat1:amd64 (2.2.10-2+deb11u5) ...
Selecting previously unselected package liberror-perl.
Preparing to unpack .../25-liberror-perl_0.17029-1_all.deb ...
Unpacking liberror-perl (0.17029-1) ...
Selecting previously unselected package git-man.
Preparing to unpack .../26-git-man_1%3a2.30.2-1+deb11u2_all.deb ...
Unpacking git-man (1:2.30.2-1+deb11u2) ...
Selecting previously unselected package git.
Preparing to unpack .../27-git_1%3a2.30.2-1+deb11u2_amd64.deb ...
Unpacking git (1:2.30.2-1+deb11u2) ...
Selecting previously unselected package libldap-common.
Preparing to unpack .../28-libldap-common_2.4.57+dfsg-3+deb11u1_all.deb ...
Unpacking libldap-common (2.4.57+dfsg-3+deb11u1) ...
Selecting previously unselected package libsasl2-modules:amd64.
Preparing to unpack .../29-libsasl2-modules_2.1.27+dfsg-2.1+deb11u1_amd64.deb ...
Unpacking libsasl2-modules:amd64 (2.1.27+dfsg-2.1+deb11u1) ...
Selecting previously unselected package libxau6:amd64.
Preparing to unpack .../30-libxau6_1%3a1.0.9-1_amd64.deb ...
Unpacking libxau6:amd64 (1:1.0.9-1) ...
Selecting previously unselected package libxdmcp6:amd64.
Preparing to unpack .../31-libxdmcp6_1%3a1.1.2-3_amd64.deb ...
Unpacking libxdmcp6:amd64 (1:1.1.2-3) ...
Selecting previously unselected package libxcb1:amd64.
Preparing to unpack .../32-libxcb1_1.14-3_amd64.deb ...
Unpacking libxcb1:amd64 (1.14-3) ...
Selecting previously unselected package libx11-data.
Preparing to unpack .../33-libx11-data_2%3a1.7.2-1_all.deb ...
Unpacking libx11-data (2:1.7.2-1) ...
Selecting previously unselected package libx11-6:amd64.
Preparing to unpack .../34-libx11-6_2%3a1.7.2-1_amd64.deb ...
Unpacking libx11-6:amd64 (2:1.7.2-1) ...
Selecting previously unselected package libxext6:amd64.
Preparing to unpack .../35-libxext6_2%3a1.3.3-1.1_amd64.deb ...
Unpacking libxext6:amd64 (2:1.3.3-1.1) ...
Selecting previously unselected package libxmuu1:amd64.
Preparing to unpack .../36-libxmuu1_2%3a1.1.2-2+b3_amd64.deb ...
Unpacking libxmuu1:amd64 (2:1.1.2-2+b3) ...
Selecting previously unselected package patch.
Preparing to unpack .../37-patch_2.7.6-7_amd64.deb ...
Unpacking patch (2.7.6-7) ...
Selecting previously unselected package publicsuffix.
Preparing to unpack .../38-publicsuffix_20220811.1734-0+deb11u1_all.deb ...
Unpacking publicsuffix (20220811.1734-0+deb11u1) ...
Selecting previously unselected package xauth.
Preparing to unpack .../39-xauth_1%3a1.1-1_amd64.deb ...
Unpacking xauth (1:1.1-1) ...
Setting up libexpat1:amd64 (2.2.10-2+deb11u5) ...
Setting up libxau6:amd64 (1:1.0.9-1) ...
Setting up libpsl5:amd64 (0.21.0-1.2) ...
Setting up perl-modules-5.32 (5.32.1-4+deb11u2) ...
Setting up libbrotli1:amd64 (1.0.9-2+b2) ...
Setting up libcbor0:amd64 (0.5.0+dfsg-2) ...
Setting up libsasl2-modules:amd64 (2.1.27+dfsg-2.1+deb11u1) ...
Setting up libnghttp2-14:amd64 (1.43.0-1) ...
Setting up less (551-2) ...
Setting up libldap-common (2.4.57+dfsg-3+deb11u1) ...
Setting up libsasl2-modules-db:amd64 (2.1.27+dfsg-2.1+deb11u1) ...
Setting up libx11-data (2:1.7.2-1) ...
Setting up librtmp1:amd64 (2.4+20151223.gitfa8646d.1-2+b2) ...
Setting up patch (2.7.6-7) ...
Setting up libsasl2-2:amd64 (2.1.27+dfsg-2.1+deb11u1) ...
Setting up libmd0:amd64 (1.0.3-3) ...
Setting up git-man (1:2.30.2-1+deb11u2) ...
Setting up libssh2-1:amd64 (1.9.0-2) ...
Setting up netbase (6.3) ...
Setting up libfido2-1:amd64 (1.6.0-2) ...
Setting up openssl (1.1.1n-0+deb11u4) ...
Setting up libbsd0:amd64 (0.11.3-1) ...
Setting up publicsuffix (20220811.1734-0+deb11u1) ...
Setting up libgdbm6:amd64 (1.19-2) ...
Setting up libxdmcp6:amd64 (1:1.1.2-3) ...
Setting up libxcb1:amd64 (1.14-3) ...
Setting up libedit2:amd64 (3.1-20191231-2+b1) ...
Setting up libldap-2.4-2:amd64 (2.4.57+dfsg-3+deb11u1) ...
Setting up libcurl3-gnutls:amd64 (7.74.0-1.3+deb11u7) ...
Setting up ca-certificates (20210119) ...
debconf: unable to initialize frontend: Dialog
debconf: (TERM is not set, so the dialog frontend is not usable.)
debconf: falling back to frontend: Readline
Updating certificates in /etc/ssl/certs...
129 added, 0 removed; done.
Setting up libgdbm-compat4:amd64 (1.19-2) ...
Setting up libperl5.32:amd64 (5.32.1-4+deb11u2) ...
Setting up libx11-6:amd64 (2:1.7.2-1) ...
Setting up libxmuu1:amd64 (2:1.1.2-2+b3) ...
Setting up openssh-client (1:8.4p1-5+deb11u1) ...
Setting up libxext6:amd64 (2:1.3.3-1.1) ...
Setting up perl (5.32.1-4+deb11u2) ...
Setting up xauth (1:1.1-1) ...
Setting up liberror-perl (0.17029-1) ...
Setting up git (1:2.30.2-1+deb11u2) ...
Processing triggers for libc-bin (2.31-13+deb11u5) ...
Processing triggers for ca-certificates (20210119) ...
Updating certificates in /etc/ssl/certs...
0 added, 0 removed; done.
Running hooks in /etc/ca-certificates/update.d...
done.
Removing intermediate container 33ea4a791c49
 ---> 007fb592f54f
Step 4/4 : RUN apt-get install -y vim
 ---> Running in b387eb7ce50c
Reading package lists...
Building dependency tree...
Reading state information...
The following additional packages will be installed:
  libgpm2 vim-common vim-runtime xxd
Suggested packages:
  gpm ctags vim-doc vim-scripts
The following NEW packages will be installed:
  libgpm2 vim vim-common vim-runtime xxd
0 upgraded, 5 newly installed, 0 to remove and 1 not upgraded.
Need to get 8174 kB of archives.
After this operation, 36.9 MB of additional disk space will be used.
Get:1 http://deb.debian.org/debian bullseye/main amd64 xxd amd64 2:8.2.2434-3+deb11u1 [192 kB]
Get:2 http://deb.debian.org/debian bullseye/main amd64 vim-common all 2:8.2.2434-3+deb11u1 [226 kB]
Get:3 http://deb.debian.org/debian bullseye/main amd64 libgpm2 amd64 1.20.7-8 [35.6 kB]
Get:4 http://deb.debian.org/debian bullseye/main amd64 vim-runtime all 2:8.2.2434-3+deb11u1 [6226 kB]
Get:5 http://deb.debian.org/debian bullseye/main amd64 vim amd64 2:8.2.2434-3+deb11u1 [1494 kB]
debconf: delaying package configuration, since apt-utils is not installed
Fetched 8174 kB in 0s (51.5 MB/s)
Selecting previously unselected package xxd.
(Reading database ... 10496 files and directories currently installed.)
Preparing to unpack .../xxd_2%3a8.2.2434-3+deb11u1_amd64.deb ...
Unpacking xxd (2:8.2.2434-3+deb11u1) ...
Selecting previously unselected package vim-common.
Preparing to unpack .../vim-common_2%3a8.2.2434-3+deb11u1_all.deb ...
Unpacking vim-common (2:8.2.2434-3+deb11u1) ...
Selecting previously unselected package libgpm2:amd64.
Preparing to unpack .../libgpm2_1.20.7-8_amd64.deb ...
Unpacking libgpm2:amd64 (1.20.7-8) ...
Selecting previously unselected package vim-runtime.
Preparing to unpack .../vim-runtime_2%3a8.2.2434-3+deb11u1_all.deb ...
Adding 'diversion of /usr/share/vim/vim82/doc/help.txt to /usr/share/vim/vim82/doc/help.txt.vim-tiny by vim-runtime'
Adding 'diversion of /usr/share/vim/vim82/doc/tags to /usr/share/vim/vim82/doc/tags.vim-tiny by vim-runtime'
Unpacking vim-runtime (2:8.2.2434-3+deb11u1) ...
Selecting previously unselected package vim.
Preparing to unpack .../vim_2%3a8.2.2434-3+deb11u1_amd64.deb ...
Unpacking vim (2:8.2.2434-3+deb11u1) ...
Setting up libgpm2:amd64 (1.20.7-8) ...
Setting up xxd (2:8.2.2434-3+deb11u1) ...
Setting up vim-common (2:8.2.2434-3+deb11u1) ...
Setting up vim-runtime (2:8.2.2434-3+deb11u1) ...
Setting up vim (2:8.2.2434-3+deb11u1) ...
update-alternatives: using /usr/bin/vim.basic to provide /usr/bin/vim (vim) in auto mode
update-alternatives: using /usr/bin/vim.basic to provide /usr/bin/vimdiff (vimdiff) in auto mode
update-alternatives: using /usr/bin/vim.basic to provide /usr/bin/rvim (rvim) in auto mode
update-alternatives: using /usr/bin/vim.basic to provide /usr/bin/rview (rview) in auto mode
update-alternatives: using /usr/bin/vim.basic to provide /usr/bin/vi (vi) in auto mode
update-alternatives: using /usr/bin/vim.basic to provide /usr/bin/view (view) in auto mode
update-alternatives: using /usr/bin/vim.basic to provide /usr/bin/ex (ex) in auto mode
update-alternatives: using /usr/bin/vim.basic to provide /usr/bin/editor (editor) in auto mode
Processing triggers for libc-bin (2.31-13+deb11u5) ...
Removing intermediate container b387eb7ce50c
 ---> fb61e879bcbb
Successfully built fb61e879bcbb
Successfully tagged sethu/edu-pro1:latest
[root@ip-172-31-5-142 docker-contents]# 

[root@ip-172-31-5-142 docker-contents]# docker images
REPOSITORY       TAG       IMAGE ID       CREATED          SIZE
sethu/edu-pro1   latest    fb61e879bcbb   27 seconds ago   280MB
sethu/edu-git    v1.0      2fa0868091a5   35 minutes ago   243MB
debian           latest    f5b06fd90040   9 days ago       124MB
hello-world      latest    feb5d9fea6a5   18 months ago    13.3kB
[root@ip-172-31-5-142 docker-contents]# 
[root@ip-172-31-5-142 docker-contents]# docker run -it sethu/edu-pro1
root@80fb2e63a1cb:/# git --version
git version 2.30.2
root@80fb2e63a1cb:/# vim --version
VIM - Vi IMproved 8.2 (2019 Dec 12, compiled Oct 01 2021 01:51:08)
Included patches: 1-2434
Extra patches: 8.2.3402, 8.2.3403, 8.2.3409, 8.2.3428
Modified by team+vim@tracker.debian.org
Compiled by team+vim@tracker.debian.org
Huge version without GUI.  Features included (+) or not (-):
+acl               -farsi             +mouse_sgr         +tag_binary
+arabic            +file_in_path      -mouse_sysmouse    -tag_old_static
+autocmd           +find_in_path      +mouse_urxvt       -tag_any_white
+autochdir         +float             +mouse_xterm       -tcl
-autoservername    +folding           +multi_byte        +termguicolors
-balloon_eval      -footer            +multi_lang        +terminal
+balloon_eval_term +fork()            -mzscheme          +terminfo
-browse            +gettext           +netbeans_intg     +termresponse
++builtin_terms    -hangul_input      +num64             +textobjects
+byte_offset       +iconv             +packages          +textprop
+channel           +insert_expand     +path_extra        +timers
+cindent           +ipv6              -perl              +title
-clientserver      +job               +persistent_undo   -toolbar
-clipboard         +jumplist          +popupwin          +user_commands
+cmdline_compl     +keymap            +postscript        +vartabs
+cmdline_hist      +lambda            +printer           +vertsplit
+cmdline_info      +langmap           +profile           +virtualedit
+comments          +libcall           -python            +visual
+conceal           +linebreak         -python3           +visualextra
+cryptv            +lispindent        +quickfix          +viminfo
+cscope            +listcmds          +reltime           +vreplace
+cursorbind        +localmap          +rightleft         +wildignore
+cursorshape       -lua               -ruby              +wildmenu
+dialog_con        +menu              +scrollbind        +windows
+diff              +mksession         +signs             +writebackup
+digraphs          +modify_fname      +smartindent       -X11
-dnd               +mouse             -sound             -xfontset
-ebcdic            -mouseshape        +spell             -xim
+emacs_tags        +mouse_dec         +startuptime       -xpm
+eval              +mouse_gpm         +statusline        -xsmp
+ex_extra          -mouse_jsbterm     -sun_workshop      -xterm_clipboard
+extra_search      +mouse_netterm     +syntax            -xterm_save
   system vimrc file: "$VIM/vimrc"
     user vimrc file: "$HOME/.vimrc"
 2nd user vimrc file: "~/.vim/vimrc"
      user exrc file: "$HOME/.exrc"
       defaults file: "$VIMRUNTIME/defaults.vim"
  fall-back for $VIM: "/usr/share/vim"
Compilation: gcc -c -I. -Iproto -DHAVE_CONFIG_H -Wdate-time -g -O2 -ffile-prefix-map=/build/vim-DtwDbo/vim-8.2.2434=. -fstack-protector-strong -Wformat -Werror=format-security -U_FORTIFY_SOURCE -D_FORTIFY_SOURCE=1 
Linking: gcc -Wl,-z,relro -Wl,-z,now -Wl,--as-needed -o vim -lm -ltinfo -lselinux -lacl -lattr -lgpm -ldl 
root@80fb2e63a1cb:/# ls
bin  boot  dev  etc  home  lib  lib64  media  mnt  opt  proc  root  run  sbin  srv  sys  tmp  usr  var
root@80fb2e63a1cb:/# 



