Last login: Sat Apr  1 06:02:26 2023 from ec2-13-233-177-4.ap-south-1.compute.amazonaws.com

       __|  __|_  )
       _|  (     /   Amazon Linux 2 AMI
      ___|\___|___|

https://aws.amazon.com/amazon-linux-2/
No packages needed for security; 2 packages available
Run "sudo yum update" to apply all updates.
[ec2-user@ip-172-31-41-128 ~]$ sudo -i
[root@ip-172-31-41-128 ~]# su - devopsadmin
Last login: Sat Apr  1 06:15:48 UTC 2023 on pts/0
[devopsadmin@ip-172-31-41-128 ~]$ cd /home/devopsadmin/workspace/MyTest/target/
[devopsadmin@ip-172-31-41-128 target]$ ll
total 1184
drwxrwxr-x 3 devopsadmin devopsadmin      30 Mar 31 15:13 generated-test-sources
drwxrwxr-x 2 devopsadmin devopsadmin      28 Mar 31 15:13 maven-archiver
drwxrwxr-x 3 devopsadmin devopsadmin      35 Mar 31 15:13 maven-status
drwxrwxr-x 4 devopsadmin devopsadmin      54 Mar 31 15:13 mvn-hello-world
-rw-rw-r-- 1 devopsadmin devopsadmin 1212134 Mar 31 15:13 mvn-hello-world.war
drwxrwxr-x 2 devopsadmin devopsadmin     111 Mar 31 15:13 surefire-reports
drwxrwxr-x 3 devopsadmin devopsadmin      35 Mar 31 15:13 test-classes
[devopsadmin@ip-172-31-41-128 target]$ docker ps
-bash: docker: command not found
[devopsadmin@ip-172-31-41-128 target]$ yum install docker
Loaded plugins: extras_suggestions, langpacks, priorities, update-motd
You need to be root to perform this command.
[devopsadmin@ip-172-31-41-128 target]$ exit
logout
[root@ip-172-31-41-128 ~]# yum install docker
Loaded plugins: extras_suggestions, langpacks, priorities, update-motd
amzn2-core                                                                                                                                                                                  | 3.7 kB  00:00:00     
224 packages excluded due to repository priority protections
Resolving Dependencies
--> Running transaction check
---> Package docker.x86_64 0:20.10.17-1.amzn2.0.2 will be installed
--> Processing Dependency: runc >= 1.0.0 for package: docker-20.10.17-1.amzn2.0.2.x86_64
--> Processing Dependency: libcgroup >= 0.40.rc1-5.15 for package: docker-20.10.17-1.amzn2.0.2.x86_64
--> Processing Dependency: containerd >= 1.3.2 for package: docker-20.10.17-1.amzn2.0.2.x86_64
--> Processing Dependency: pigz for package: docker-20.10.17-1.amzn2.0.2.x86_64
--> Running transaction check
---> Package containerd.x86_64 0:1.6.8-2.amzn2.0.1 will be installed
---> Package libcgroup.x86_64 0:0.41-21.amzn2 will be installed
---> Package pigz.x86_64 0:2.3.4-1.amzn2.0.1 will be installed
---> Package runc.x86_64 0:1.1.4-1.amzn2.0.1 will be installed
--> Finished Dependency Resolution

Dependencies Resolved

===================================================================================================================================================================================================================
 Package                                        Arch                                       Version                                                     Repository                                             Size
===================================================================================================================================================================================================================
Installing:
 docker                                         x86_64                                     20.10.17-1.amzn2.0.2                                        amzn2extra-docker                                      39 M
Installing for dependencies:
 containerd                                     x86_64                                     1.6.8-2.amzn2.0.1                                           amzn2extra-docker                                      27 M
 libcgroup                                      x86_64                                     0.41-21.amzn2                                               amzn2-core                                             66 k
 pigz                                           x86_64                                     2.3.4-1.amzn2.0.1                                           amzn2-core                                             81 k
 runc                                           x86_64                                     1.1.4-1.amzn2.0.1                                           amzn2extra-docker                                     2.9 M

Transaction Summary
===================================================================================================================================================================================================================
Install  1 Package (+4 Dependent packages)

Total download size: 69 M
Installed size: 260 M
Is this ok [y/d/N]: y
Downloading packages:
(1/5): libcgroup-0.41-21.amzn2.x86_64.rpm                                                                                                                                                   |  66 kB  00:00:00     
(2/5): pigz-2.3.4-1.amzn2.0.1.x86_64.rpm                                                                                                                                                    |  81 kB  00:00:00     
(3/5): containerd-1.6.8-2.amzn2.0.1.x86_64.rpm                                                                                                                                              |  27 MB  00:00:00     
(4/5): docker-20.10.17-1.amzn2.0.2.x86_64.rpm                                                                                                                                               |  39 MB  00:00:01     
(5/5): runc-1.1.4-1.amzn2.0.1.x86_64.rpm                                                                                                                                                    | 2.9 MB  00:00:00     
-------------------------------------------------------------------------------------------------------------------------------------------------------------------------------------------------------------------
Total                                                                                                                                                                               66 MB/s |  69 MB  00:00:01     
Running transaction check
Running transaction test
Transaction test succeeded
Running transaction
  Installing : runc-1.1.4-1.amzn2.0.1.x86_64                                                                                                                                                                   1/5 
  Installing : containerd-1.6.8-2.amzn2.0.1.x86_64                                                                                                                                                             2/5 
  Installing : libcgroup-0.41-21.amzn2.x86_64                                                                                                                                                                  3/5 
  Installing : pigz-2.3.4-1.amzn2.0.1.x86_64                                                                                                                                                                   4/5 
  Installing : docker-20.10.17-1.amzn2.0.2.x86_64                                                                                                                                                              5/5 
  Verifying  : containerd-1.6.8-2.amzn2.0.1.x86_64                                                                                                                                                             1/5 
  Verifying  : pigz-2.3.4-1.amzn2.0.1.x86_64                                                                                                                                                                   2/5 
  Verifying  : libcgroup-0.41-21.amzn2.x86_64                                                                                                                                                                  3/5 
  Verifying  : docker-20.10.17-1.amzn2.0.2.x86_64                                                                                                                                                              4/5 
  Verifying  : runc-1.1.4-1.amzn2.0.1.x86_64                                                                                                                                                                   5/5 

Installed:
  docker.x86_64 0:20.10.17-1.amzn2.0.2                                                                                                                                                                             

Dependency Installed:
  containerd.x86_64 0:1.6.8-2.amzn2.0.1                   libcgroup.x86_64 0:0.41-21.amzn2                   pigz.x86_64 0:2.3.4-1.amzn2.0.1                   runc.x86_64 0:1.1.4-1.amzn2.0.1                  

Complete!
[root@ip-172-31-41-128 ~]# 
[root@ip-172-31-41-128 ~]# systemctl status docker
● docker.service - Docker Application Container Engine
   Loaded: loaded (/usr/lib/systemd/system/docker.service; disabled; vendor preset: disabled)
   Active: inactive (dead)
     Docs: https://docs.docker.com
[root@ip-172-31-41-128 ~]# systemctl start docker
[root@ip-172-31-41-128 ~]# systemctl status docker
● docker.service - Docker Application Container Engine
   Loaded: loaded (/usr/lib/systemd/system/docker.service; disabled; vendor preset: disabled)
   Active: active (running) since Sat 2023-04-01 06:43:47 UTC; 5s ago
     Docs: https://docs.docker.com
  Process: 19287 ExecStartPre=/usr/libexec/docker/docker-setup-runtimes.sh (code=exited, status=0/SUCCESS)
  Process: 19286 ExecStartPre=/bin/mkdir -p /run/docker (code=exited, status=0/SUCCESS)
 Main PID: 19290 (dockerd)
    Tasks: 7
   Memory: 22.1M
   CGroup: /system.slice/docker.service
           └─19290 /usr/bin/dockerd -H fd:// --containerd=/run/containerd/containerd.sock --default-ulimit nofile=32768:65536

Apr 01 06:43:47 ip-172-31-41-128.ap-south-1.compute.internal dockerd[19290]: time="2023-04-01T06:43:47.034560358Z" level=info msg="ClientConn switching balancer to \"pick_first\"" module=grpc
Apr 01 06:43:47 ip-172-31-41-128.ap-south-1.compute.internal dockerd[19290]: time="2023-04-01T06:43:47.062832107Z" level=warning msg="Your kernel does not support cgroup blkio weight"
Apr 01 06:43:47 ip-172-31-41-128.ap-south-1.compute.internal dockerd[19290]: time="2023-04-01T06:43:47.063215363Z" level=warning msg="Your kernel does not support cgroup blkio weight_device"
Apr 01 06:43:47 ip-172-31-41-128.ap-south-1.compute.internal dockerd[19290]: time="2023-04-01T06:43:47.063665147Z" level=info msg="Loading containers: start."
Apr 01 06:43:47 ip-172-31-41-128.ap-south-1.compute.internal dockerd[19290]: time="2023-04-01T06:43:47.226565804Z" level=info msg="Default bridge (docker0) is assigned with an IP address 172.17.0.0...IP address"
Apr 01 06:43:47 ip-172-31-41-128.ap-south-1.compute.internal dockerd[19290]: time="2023-04-01T06:43:47.273509776Z" level=info msg="Loading containers: done."
Apr 01 06:43:47 ip-172-31-41-128.ap-south-1.compute.internal dockerd[19290]: time="2023-04-01T06:43:47.290105684Z" level=info msg="Docker daemon" commit=a89b842 graphdriver(s)=overlay2 version=20.10.17
Apr 01 06:43:47 ip-172-31-41-128.ap-south-1.compute.internal dockerd[19290]: time="2023-04-01T06:43:47.290522123Z" level=info msg="Daemon has completed initialization"
Apr 01 06:43:47 ip-172-31-41-128.ap-south-1.compute.internal systemd[1]: Started Docker Application Container Engine.
Apr 01 06:43:47 ip-172-31-41-128.ap-south-1.compute.internal dockerd[19290]: time="2023-04-01T06:43:47.313981837Z" level=info msg="API listen on /run/docker.sock"
Hint: Some lines were ellipsized, use -l to show in full.
[root@ip-172-31-41-128 ~]# systemctl enable docker
Created symlink from /etc/systemd/system/multi-user.target.wants/docker.service to /usr/lib/systemd/system/docker.service.
[devopsadmin@ip-172-31-41-128 target]$ exit
logout
You have mail in /var/spool/mail/root
[root@ip-172-31-41-128 ~]# sudo usermod -aG docker devopsadmin 
[root@ip-172-31-41-128 ~]# su - devopsadmin 
Last login: Sat Apr  1 06:44:16 UTC 2023 on pts/0
[devopsadmin@ip-172-31-41-128 ~]$ cd /home/devopsadmin/workspace/MyTest/target/
[devopsadmin@ip-172-31-41-128 target]$ ll
total 1184
drwxrwxr-x 3 devopsadmin devopsadmin      30 Mar 31 15:13 generated-test-sources
drwxrwxr-x 2 devopsadmin devopsadmin      28 Mar 31 15:13 maven-archiver
drwxrwxr-x 3 devopsadmin devopsadmin      35 Mar 31 15:13 maven-status
drwxrwxr-x 4 devopsadmin devopsadmin      54 Mar 31 15:13 mvn-hello-world
-rw-rw-r-- 1 devopsadmin devopsadmin 1212134 Mar 31 15:13 mvn-hello-world.war
drwxrwxr-x 2 devopsadmin devopsadmin     111 Mar 31 15:13 surefire-reports
drwxrwxr-x 3 devopsadmin devopsadmin      35 Mar 31 15:13 test-classes
[devopsadmin@ip-172-31-41-128 target]$ docker ps
CONTAINER ID   IMAGE     COMMAND   CREATED   STATUS    PORTS     NAMES
[devopsadmin@ip-172-31-41-128 target]$ 

